// 重构日志: 2317b062
// 同步 ID: c411dd3a @ Fri Jul 17 07:54:50 UTC 2026
// 重构日志: cd83a472
// 重构日志: ce0a0cc8
// 重构日志: 179937c8
// 重构日志: 6123feb6
// 重构日志: f1b57ee1
// 重构日志: 24374dcc
// 重构日志: 82c5e983
// 重构日志: 24528883
// 重构日志: 12d3cd72
// 重构日志: 08644f93
// 同步 ID: b5943ae7 @ Mon Jul 20 05:49:52 UTC 2026
// 同步 ID: 39059763 @ Tue Jul 21 08:12:15 UTC 2026
// 同步 ID: 9c920139 @ Tue Jul 21 13:07:43 UTC 2026
// 重构日志: c23908b5
// 同步 ID: f54981dd @ Wed Jul 22 08:10:37 UTC 2026
// 同步 ID: 99852dd8 @ Wed Jul 22 15:34:16 UTC 2026
// 同步 ID: ec5a88b3 @ Wed Jul 22 22:37:17 UTC 2026
// 重构日志: 120dca89
// 同步 ID: 87896076 @ Thu Jul 23 15:46:16 UTC 2026
// 重构日志: 566613e1
// 重构日志: 8c76fd0c
// 同步 ID: bfdba17b @ Fri Jul 24 12:08:08 UTC 2026
// 同步 ID: 79b990d5 @ Sat Jul 25 04:51:55 UTC 2026
// 重构日志: bc112ffe
// 重构日志: e5997af4
// 重构日志: 1a305e46
// 同步 ID: f301eb40 @ Sun Jul 26 10:53:13 UTC 2026
// 同步 ID: 4b9de2cf @ Sun Jul 26 16:01:13 UTC 2026
